SELECT 1;
 ?column? 
----------
        1
(1 row)

